// Jest Snapshot v1, https://goo.gl/fbAQLP

exports[`App renders concatenated string 1`] = `
<div
  styleName="app-style"
>
  <div
    className="navbar-container"
  >
    <div
      className="navbar-container--padded"
    >
      <div
        className="navbar-logo"
      >
        <div
          className="logo-container"
        >
          <span
            className="logo-wordmark"
          >
            Employee Reviews
          </span>
        </div>
      </div>
      <div
        className="navbar-hamburger"
      >
        <div
          className="hamburger-container"
        >
          <a
            href="#"
          >
            <div
              className="hamburger-vertical-bar"
            />
            <div
              className="hamburger-vertical-bar"
            />
            <div
              className="hamburger-vertical-bar"
            />
          </a>
        </div>
      </div>
    </div>
  </div>
  <header
    className="header"
  >
    <h1
      className="header-heading"
    >
      Admin Panel
    </h1>
    <span
      className="header-subheading"
    >
      The front end is incomplete
    </span>
  </header>
</div>
`;
